{
  "conditional_gathering_rules": [],
  "container_logs": [],
  "version": "0.0.1"
}
