{
  "rules": [
    {
      "conditions": [
        {
          "alert": {
            "name": "KubePodCrashLooping"
          },
          "type": "alert_is_firing"
        }
      ],
      "gathering_functions": {
        "logs_of_namespace": {
          "namespace": "openshift-sample-a1",
          "tail_lines": 100
        }
      }
    },
    {
      "conditions": [
        {
          "alert": {
            "name": "KubePodCrashLooping"
          },
          "type": "alert_is_firing"
        }
      ],
      "gathering_functions": {
        "logs_of_namespace": {
          "namespace": "openshift-sample-a2",
          "tail_lines": 100
        }
      }
    },
    {
      "conditions": [
        {
          "alert": {
            "name": "KubePodCrashLooping"
          },
          "type": "alert_is_firing"
        }
      ],
      "gathering_functions": {
        "logs_of_namespace": {
          "namespace": "openshift-extra",
          "tail_lines": 100
        }
      }
    }
  ],
  "version": "0.0.1"
}
